<html>
<body>
<pre>
<h1>µVision Build Log</h1>
<h2>Project:</h2>
E:\1Teknomindz_embedded_iot\ARM_CORTEX\LED\LED.uvproj
Project File Date:  07/28/2024

<h2>Output:</h2>
Rebuild target 'Target 1'
assembling Startup.s...
compiling LED.c...
LED.c(1): error:  #5: cannot open source input file "lpc214x.4": No such file or directory
Target not created
Rebuild target 'Target 1'
assembling Startup.s...
compiling LED.c...
LED.c(1): error:  #5: cannot open source input file "lpc2148.4": No such file or directory
Target not created
Rebuild target 'Target 1'
assembling Startup.s...
compiling LED.c...
LED.c(1): error:  #5: cannot open source input file "lpc214x.4": No such file or directory
Target not created
Rebuild target 'Target 1'
assembling Startup.s...
compiling LED.c...
linking...
Program Size: Code=508 RO-data=16 RW-data=0 ZI-data=1256  
"LED.axf" - 0 Error(s), 0 Warning(s).
Rebuild target 'Target 1'
assembling Startup.s...
compiling LED.c...
LED.c(3): error:  #99: a declaration here must declare a parameter
LED.c(4): error:  #65: expected a ";"
LED.c(14): warning: At end of source:  #12-D: parsing restarts here after previous syntax error
LED.c(14): error: At end of source:  #130: expected a "{"
LED.c(14): error: At end of source:  #67: expected a "}"
Target not created
Rebuild target 'Target 1'
assembling Startup.s...
compiling LED.c...
LED.c(3): error:  #99: a declaration here must declare a parameter
LED.c(4): error:  #65: expected a ";"
LED.c(19): warning: At end of source:  #12-D: parsing restarts here after previous syntax error
LED.c(19): error: At end of source:  #130: expected a "{"
LED.c(19): error: At end of source:  #67: expected a "}"
Target not created
Rebuild target 'Target 1'
assembling Startup.s...
compiling LED.c...
LED.c(3): error:  #130: expected a "{"
LED.c(14): error:  #268: declaration may not appear after executable statement in block
LED.c(14): error:  #67: expected a "}"
LED.c(14): error:  #247: function "delay" has already been defined
LED.c(19): error:  #169: expected a declaration
Target not created
Rebuild target 'Target 1'
assembling Startup.s...
compiling LED.c...
LED.c(14): error:  #268: declaration may not appear after executable statement in block
LED.c(14): error:  #67: expected a "}"
LED.c(19): error:  #169: expected a declaration
Target not created
Rebuild target 'Target 1'
assembling Startup.s...
compiling LED.c...
LED.c(14): error:  #268: declaration may not appear after executable statement in block
LED.c(14): error:  #67: expected a "}"
LED.c(19): error:  #169: expected a declaration
Target not created
Build target 'Target 1'
compiling LED.c...
LED.c(14): error:  #268: declaration may not appear after executable statement in block
LED.c(14): error:  #67: expected a "}"
LED.c(15): error:  #169: expected a declaration
LED.c(19): error:  #169: expected a declaration
Target not created
Rebuild target 'Target 1'
assembling Startup.s...
compiling LED.c...
LED.c(14): error:  #268: declaration may not appear after executable statement in block
LED.c(14): error:  #67: expected a "}"
LED.c(15): error:  #169: expected a declaration
LED.c(19): error:  #169: expected a declaration
Target not created
Rebuild target 'Target 1'
assembling Startup.s...
compiling LED.c...
LED.c(14): error:  #268: declaration may not appear after executable statement in block
LED.c(14): error:  #67: expected a "}"
LED.c(14): error:  #141-D: unnamed prototyped parameters not allowed when body is present
LED.c(19): error:  #169: expected a declaration
Target not created
Rebuild target 'Target 1'
assembling Startup.s...
compiling LED.c...
LED.c(14): error:  #268: declaration may not appear after executable statement in block
LED.c(14): error:  #67: expected a "}"
LED.c(19): error:  #169: expected a declaration
Target not created
Rebuild target 'Target 1'
assembling Startup.s...
compiling LED.c...
LED.c(14): error:  #268: declaration may not appear after executable statement in block
LED.c(14): error:  #67: expected a "}"
LED.c(19): error:  #169: expected a declaration
Target not created
Rebuild target 'Target 1'
assembling Startup.s...
compiling LED.c...
LED.c(20): warning:  #1-D: last line of file ends without a newline
linking...
Program Size: Code=568 RO-data=16 RW-data=0 ZI-data=1256  
"LED.axf" - 0 Error(s), 1 Warning(s).
Rebuild target 'Target 1'
assembling Startup.s...
compiling LED.c...
linking...
Program Size: Code=568 RO-data=16 RW-data=0 ZI-data=1256  
"LED.axf" - 0 Error(s), 0 Warning(s).
Rebuild target 'Target 1'
assembling Startup.s...
compiling LED.c...
linking...
Program Size: Code=568 RO-data=16 RW-data=0 ZI-data=1256  
"LED.axf" - 0 Error(s), 0 Warning(s).
Rebuild target 'Target 1'
assembling Startup.s...
compiling LED.c...
linking...
Program Size: Code=568 RO-data=16 RW-data=0 ZI-data=1256  
"LED.axf" - 0 Error(s), 0 Warning(s).
Rebuild target 'Target 1'
assembling Startup.s...
compiling LED.c...
linking...
Program Size: Code=588 RO-data=16 RW-data=0 ZI-data=1256  
"LED.axf" - 0 Error(s), 0 Warning(s).
