C51 COMPILER V9.50a   INTURRUPT                                                            07/02/2018 15:44:46 PAGE 1   


C51 COMPILER V9.50a, COMPILATION OF MODULE INTURRUPT
OBJECT MODULE PLACED IN inturrupt.OBJ
COMPILER INVOKED BY: C:\Keil\C51\BIN\C51.EXE inturrupt.c BROWSE DEBUG OBJECTEXTEND TABS(2)

line level    source

   1          #include<reg51.h>
   2          sbit LED1 = P1^2;
   3          sbit LED2 = P1^3;
   4          void delay (void);
   5          void LED_ISRO(void) interrupt 0
   6          {
   7   1        LED1 = 0;
   8   1        LED2 = 1;
   9   1        delay();
  10   1      }
  11          void main()
  12          { EA = 1;  //Enable
  13   1        EX0 = 1;  //enable into
  14   1        IT0 = 0;  //level trigger
  15   1        LED1 = 0;
  16   1        LED2 = 0;
  17   1        while(1)
  18   1        {
  19   2          LED1=1;
  20   2          LED2=0;
  21   2        }
  22   1      }
  23          void delay(void)
  24          { int i,j;
  25   1        for (i=0;i<300;i++)
  26   1        for (j=0;j<300;j++);
  27   1      }


MODULE INFORMATION:   STATIC OVERLAYABLE
   CODE SIZE        =    108    ----
   CONSTANT SIZE    =   ----    ----
   XDATA SIZE       =   ----    ----
   PDATA SIZE       =   ----    ----
   DATA SIZE        =   ----    ----
   IDATA SIZE       =   ----    ----
   BIT SIZE         =   ----    ----
END OF MODULE INFORMATION.


C51 COMPILATION COMPLETE.  0 WARNING(S),  0 ERROR(S)
