BL51 BANKED LINKER/LOCATER V6.22                                                        07/02/2018  15:25:00  PAGE 1


BL51 BANKED LINKER/LOCATER V6.22, INVOKED BY:
C:\KEIL\C51\BIN\BL51.EXE STARTUP.obj, receiver.obj TO receiver RAMSIZE (256)


MEMORY MODEL: SMALL


INPUT MODULES INCLUDED:
  STARTUP.obj (?C_STARTUP)
  receiver.obj (RECEIVER)


LINK MAP OF MODULE:  receiver (?C_STARTUP)


            TYPE    BASE      LENGTH    RELOCATION   SEGMENT NAME
            -----------------------------------------------------

            * * * * * * *   D A T A   M E M O R Y   * * * * * * *
            REG     0000H     0008H     ABSOLUTE     "REG BANK 0"
            DATA    0008H     0001H     UNIT         _DATA_GROUP_
            IDATA   0009H     0001H     UNIT         ?STACK

            * * * * * * *   C O D E   M E M O R Y   * * * * * * *
            CODE    0000H     0003H     ABSOLUTE     
                    0003H     07FDH                  *** GAP ***
            CODE    0800H     0015H     UNIT         ?PR?MAIN?RECEIVER
            CODE    0815H     000CH     UNIT         ?C_C51STARTUP
            CODE    0821H     0008H     UNIT         ?PR?_TRANS?RECEIVER
            CODE    0829H     0008H     UNIT         ?PR?RECEIVE?RECEIVER



OVERLAY MAP OF MODULE:   receiver (?C_STARTUP)


SEGMENT                          DATA_GROUP 
  +--> CALLED SEGMENT          START    LENGTH
----------------------------------------------
?C_C51STARTUP                  -----    -----
  +--> ?PR?MAIN?RECEIVER

?PR?MAIN?RECEIVER              0008H    0001H
  +--> ?PR?RECEIVE?RECEIVER
  +--> ?PR?_TRANS?RECEIVER



SYMBOL TABLE OF MODULE:  receiver (?C_STARTUP)

  VALUE           TYPE          NAME
  ----------------------------------

  -------         MODULE        ?C_STARTUP
  C:0815H         SEGMENT       ?C_C51STARTUP
  I:0009H         SEGMENT       ?STACK
  C:0000H         PUBLIC        ?C_STARTUP
  D:00E0H         SYMBOL        ACC
BL51 BANKED LINKER/LOCATER V6.22                                                      07/02/2018  15:25:00  PAGE 2


  D:00F0H         SYMBOL        B
  D:0083H         SYMBOL        DPH
  D:0082H         SYMBOL        DPL
  N:0000H         SYMBOL        IBPSTACK
  N:0100H         SYMBOL        IBPSTACKTOP
  N:0080H         SYMBOL        IDATALEN
  C:0818H         SYMBOL        IDATALOOP
  N:0000H         SYMBOL        PBPSTACK
  N:0100H         SYMBOL        PBPSTACKTOP
  N:0000H         SYMBOL        PDATALEN
  N:0000H         SYMBOL        PDATASTART
  N:0000H         SYMBOL        PPAGE
  N:0000H         SYMBOL        PPAGEENABLE
  D:00A0H         SYMBOL        PPAGE_SFR
  D:0081H         SYMBOL        SP
  C:0815H         SYMBOL        STARTUP1
  N:0000H         SYMBOL        XBPSTACK
  N:0000H         SYMBOL        XBPSTACKTOP
  N:0000H         SYMBOL        XDATALEN
  N:0000H         SYMBOL        XDATASTART
  C:0000H         LINE#         126
  C:0815H         LINE#         133
  C:0817H         LINE#         134
  C:0818H         LINE#         135
  C:0819H         LINE#         136
  C:081BH         LINE#         185
  C:081EH         LINE#         196
  -------         ENDMOD        ?C_STARTUP

  -------         MODULE        RECEIVER
  C:0000H         SYMBOL        _ICE_DUMMY_
  B:0098H.0       PUBLIC        RI
  B:0098H.1       PUBLIC        TI
  C:0800H         PUBLIC        main
  C:0821H         PUBLIC        _trans
  D:0099H         PUBLIC        SBUF
  D:0098H         PUBLIC        SCON
  D:0089H         PUBLIC        TMOD
  D:008DH         PUBLIC        TH1
  B:0088H.6       PUBLIC        TR1
  C:0829H         PUBLIC        receive
  -------         PROC          MAIN
  -------         DO            
  D:0008H         SYMBOL        r
  -------         ENDDO         
  C:0800H         LINE#         7
  C:0800H         LINE#         8
  C:0800H         LINE#         9
  C:0803H         LINE#         10
  C:0806H         LINE#         11
  C:0809H         LINE#         12
  C:080BH         LINE#         13
  C:080BH         LINE#         14
  C:080BH         LINE#         15
  C:0810H         LINE#         16
  C:0813H         LINE#         17
  -------         ENDPROC       MAIN
BL51 BANKED LINKER/LOCATER V6.22                                                      07/02/2018  15:25:00  PAGE 3


  -------         PROC          _TRANS
  D:0007H         SYMBOL        x
  C:0821H         LINE#         19
  C:0821H         LINE#         20
  C:0821H         LINE#         21
  C:0823H         LINE#         22
  C:0826H         LINE#         23
  C:0828H         LINE#         24
  -------         ENDPROC       _TRANS
  -------         PROC          RECEIVE
  -------         DO            
  D:0007H         SYMBOL        x
  -------         ENDDO         
  C:0829H         LINE#         25
  C:0829H         LINE#         26
  C:0829H         LINE#         28
  C:082CH         LINE#         29
  C:082EH         LINE#         30
  C:0830H         LINE#         31
  C:0830H         LINE#         32
  -------         ENDPROC       RECEIVE
  -------         ENDMOD        RECEIVER

******************************************************************************
* RESTRICTED VERSION WITH 0800H BYTE CODE SIZE LIMIT; USED: 0034H BYTE ( 2%) *
******************************************************************************

Program Size: data=10.0 xdata=0 code=52
LINK/LOCATE RUN COMPLETE.  0 WARNING(S),  0 ERROR(S)
