BL51 BANKED LINKER/LOCATER V6.22                                                        07/02/2018  15:06:50  PAGE 1


BL51 BANKED LINKER/LOCATER V6.22, INVOKED BY:
C:\KEIL\C51\BIN\BL51.EXE STARTUP.obj, UART.obj TO UART RAMSIZE (256)


MEMORY MODEL: SMALL


INPUT MODULES INCLUDED:
  STARTUP.obj (?C_STARTUP)
  UART.obj (UART)
  C:\KEIL\C51\LIB\C51S.LIB (?C?CLDPTR)


LINK MAP OF MODULE:  UART (?C_STARTUP)


            TYPE    BASE      LENGTH    RELOCATION   SEGMENT NAME
            -----------------------------------------------------

            * * * * * * *   D A T A   M E M O R Y   * * * * * * *
            REG     0000H     0008H     ABSOLUTE     "REG BANK 0"
            IDATA   0008H     0001H     UNIT         ?STACK

            * * * * * * *   C O D E   M E M O R Y   * * * * * * *
            CODE    0000H     0003H     ABSOLUTE     
                    0003H     07FDH                  *** GAP ***
            CODE    0800H     0035H     UNIT         ?PR?MAIN?UART
            CODE    0835H     0026H     UNIT         ?PR?_DELAY?UART
            CODE    085BH     0019H     UNIT         ?C?LIB_CODE
            CODE    0874H     0013H     UNIT         ?PR?_TRANS_STRING?UART
            CODE    0887H     000CH     UNIT         ?C_C51STARTUP
            CODE    0893H     000CH     UNIT         ?CO?UART
            CODE    089FH     0008H     UNIT         ?PR?_TRANS?UART



OVERLAY MAP OF MODULE:   UART (?C_STARTUP)


SEGMENT
  +--> CALLED SEGMENT
---------------------
?C_C51STARTUP
  +--> ?PR?MAIN?UART

?PR?MAIN?UART
  +--> ?CO?UART
  +--> ?PR?_TRANS_STRING?UART
  +--> ?PR?_TRANS?UART
  +--> ?PR?_DELAY?UART

?PR?_TRANS_STRING?UART
  +--> ?PR?_TRANS?UART



SYMBOL TABLE OF MODULE:  UART (?C_STARTUP)

BL51 BANKED LINKER/LOCATER V6.22                                                      07/02/2018  15:06:50  PAGE 2


  VALUE           TYPE          NAME
  ----------------------------------

  -------         MODULE        ?C_STARTUP
  C:0887H         SEGMENT       ?C_C51STARTUP
  I:0008H         SEGMENT       ?STACK
  C:0000H         PUBLIC        ?C_STARTUP
  D:00E0H         SYMBOL        ACC
  D:00F0H         SYMBOL        B
  D:0083H         SYMBOL        DPH
  D:0082H         SYMBOL        DPL
  N:0000H         SYMBOL        IBPSTACK
  N:0100H         SYMBOL        IBPSTACKTOP
  N:0080H         SYMBOL        IDATALEN
  C:088AH         SYMBOL        IDATALOOP
  N:0000H         SYMBOL        PBPSTACK
  N:0100H         SYMBOL        PBPSTACKTOP
  N:0000H         SYMBOL        PDATALEN
  N:0000H         SYMBOL        PDATASTART
  N:0000H         SYMBOL        PPAGE
  N:0000H         SYMBOL        PPAGEENABLE
  D:00A0H         SYMBOL        PPAGE_SFR
  D:0081H         SYMBOL        SP
  C:0887H         SYMBOL        STARTUP1
  N:0000H         SYMBOL        XBPSTACK
  N:0000H         SYMBOL        XBPSTACKTOP
  N:0000H         SYMBOL        XDATALEN
  N:0000H         SYMBOL        XDATASTART
  C:0000H         LINE#         126
  C:0887H         LINE#         133
  C:0889H         LINE#         134
  C:088AH         LINE#         135
  C:088BH         LINE#         136
  C:088DH         LINE#         185
  C:0890H         LINE#         196
  -------         ENDMOD        ?C_STARTUP

  -------         MODULE        UART
  C:0000H         SYMBOL        _ICE_DUMMY_
  C:0835H         PUBLIC        _delay
  B:0098H.1       PUBLIC        TI
  C:0800H         PUBLIC        main
  C:0874H         PUBLIC        _trans_string
  C:089FH         PUBLIC        _trans
  D:0099H         PUBLIC        SBUF
  D:0098H         PUBLIC        SCON
  D:0089H         PUBLIC        TMOD
  D:008DH         PUBLIC        TH1
  B:0088H.6       PUBLIC        TR1
  -------         PROC          MAIN
  C:0800H         LINE#         7
  C:0800H         LINE#         8
  C:0800H         LINE#         9
  C:0803H         LINE#         10
  C:0806H         LINE#         11
  C:0809H         LINE#         12
  C:080BH         LINE#         13
BL51 BANKED LINKER/LOCATER V6.22                                                      07/02/2018  15:06:50  PAGE 3


  C:080BH         LINE#         14
  C:080BH         LINE#         15
  C:0814H         LINE#         16
  C:0819H         LINE#         17
  C:0822H         LINE#         18
  C:0827H         LINE#         19
  C:082CH         LINE#         20
  C:0833H         LINE#         21
  -------         ENDPROC       MAIN
  -------         PROC          _DELAY
  D:0006H         SYMBOL        t
  -------         DO            
  D:0004H         SYMBOL        i
  D:0002H         SYMBOL        j
  -------         ENDDO         
  C:0835H         LINE#         23
  C:0835H         LINE#         24
  C:0835H         LINE#         25
  C:0845H         LINE#         26
  C:085AH         LINE#         27
  -------         ENDPROC       _DELAY
  -------         PROC          _TRANS
  D:0007H         SYMBOL        x
  C:089FH         LINE#         28
  C:089FH         LINE#         29
  C:089FH         LINE#         30
  C:08A1H         LINE#         31
  C:08A4H         LINE#         32
  C:08A6H         LINE#         33
  -------         ENDPROC       _TRANS
  -------         PROC          _TRANS_STRING
  D:0001H         SYMBOL        p
  C:0874H         LINE#         34
  C:0874H         LINE#         35
  C:0874H         LINE#         36
  C:087AH         LINE#         37
  C:087AH         LINE#         38
  C:087DH         LINE#         39
  C:0884H         LINE#         40
  C:0886H         LINE#         41
  -------         ENDPROC       _TRANS_STRING
  -------         ENDMOD        UART

  -------         MODULE        ?C?CLDPTR
  C:085BH         PUBLIC        ?C?CLDPTR
  -------         ENDMOD        ?C?CLDPTR

******************************************************************************
* RESTRICTED VERSION WITH 0800H BYTE CODE SIZE LIMIT; USED: 0091H BYTE ( 7%) *
******************************************************************************

Program Size: data=9.0 xdata=0 code=170
LINK/LOCATE RUN COMPLETE.  0 WARNING(S),  0 ERROR(S)
