BL51 BANKED LINKER/LOCATER V6.22                                                        07/02/2018  11:10:09  PAGE 1


BL51 BANKED LINKER/LOCATER V6.22, INVOKED BY:
C:\KEIL\C51\BIN\BL51.EXE STARTUP.obj, lcd.obj TO lcd RAMSIZE (256)


MEMORY MODEL: SMALL


INPUT MODULES INCLUDED:
  STARTUP.obj (?C_STARTUP)
  lcd.obj (LCD)


LINK MAP OF MODULE:  lcd (?C_STARTUP)


            TYPE    BASE      LENGTH    RELOCATION   SEGMENT NAME
            -----------------------------------------------------

            * * * * * * *   D A T A   M E M O R Y   * * * * * * *
            REG     0000H     0008H     ABSOLUTE     "REG BANK 0"
            IDATA   0008H     0001H     UNIT         ?STACK

            * * * * * * *   C O D E   M E M O R Y   * * * * * * *
            CODE    0000H     0003H     ABSOLUTE     
                    0003H     07FDH                  *** GAP ***
            CODE    0800H     004DH     UNIT         ?PR?MAIN?LCD
            CODE    084DH     002EH     UNIT         ?PR?_DELAY?LCD
            CODE    087BH     000CH     UNIT         ?C_C51STARTUP
            CODE    0887H     000AH     UNIT         ?PR?_LCD_CMD?LCD
            CODE    0891H     000AH     UNIT         ?PR?_LCD_DATA?LCD



OVERLAY MAP OF MODULE:   lcd (?C_STARTUP)


SEGMENT
  +--> CALLED SEGMENT
---------------------
?C_C51STARTUP
  +--> ?PR?MAIN?LCD

?PR?MAIN?LCD
  +--> ?PR?_LCD_CMD?LCD
  +--> ?PR?_LCD_DATA?LCD

?PR?_LCD_CMD?LCD
  +--> ?PR?_DELAY?LCD

?PR?_LCD_DATA?LCD
  +--> ?PR?_DELAY?LCD



SYMBOL TABLE OF MODULE:  lcd (?C_STARTUP)

  VALUE           TYPE          NAME
  ----------------------------------
BL51 BANKED LINKER/LOCATER V6.22                                                      07/02/2018  11:10:09  PAGE 2



  -------         MODULE        ?C_STARTUP
  C:087BH         SEGMENT       ?C_C51STARTUP
  I:0008H         SEGMENT       ?STACK
  C:0000H         PUBLIC        ?C_STARTUP
  D:00E0H         SYMBOL        ACC
  D:00F0H         SYMBOL        B
  D:0083H         SYMBOL        DPH
  D:0082H         SYMBOL        DPL
  N:0000H         SYMBOL        IBPSTACK
  N:0100H         SYMBOL        IBPSTACKTOP
  N:0080H         SYMBOL        IDATALEN
  C:087EH         SYMBOL        IDATALOOP
  N:0000H         SYMBOL        PBPSTACK
  N:0100H         SYMBOL        PBPSTACKTOP
  N:0000H         SYMBOL        PDATALEN
  N:0000H         SYMBOL        PDATASTART
  N:0000H         SYMBOL        PPAGE
  N:0000H         SYMBOL        PPAGEENABLE
  D:00A0H         SYMBOL        PPAGE_SFR
  D:0081H         SYMBOL        SP
  C:087BH         SYMBOL        STARTUP1
  N:0000H         SYMBOL        XBPSTACK
  N:0000H         SYMBOL        XBPSTACKTOP
  N:0000H         SYMBOL        XDATALEN
  N:0000H         SYMBOL        XDATASTART
  C:0000H         LINE#         126
  C:087BH         LINE#         133
  C:087DH         LINE#         134
  C:087EH         LINE#         135
  C:087FH         LINE#         136
  C:0881H         LINE#         185
  C:0884H         LINE#         196
  -------         ENDMOD        ?C_STARTUP

  -------         MODULE        LCD
  C:0000H         SYMBOL        _ICE_DUMMY_
  D:0090H         PUBLIC        P1
  D:00A0H         PUBLIC        P2
  C:0855H         PUBLIC        _delay
  C:0800H         PUBLIC        main
  C:0891H         PUBLIC        _lcd_data
  C:0887H         PUBLIC        _lcd_cmd
  B:0090H.2       PUBLIC        e
  B:0090H.0       PUBLIC        rs
  B:0090H.1       PUBLIC        rw
  -------         PROC          MAIN
  C:0800H         LINE#         10
  C:0800H         LINE#         11
  C:0800H         LINE#         12
  C:0805H         LINE#         13
  C:080AH         LINE#         14
  C:080FH         LINE#         15
  C:0814H         LINE#         17
  C:0819H         LINE#         18
  C:081EH         LINE#         19
  C:0823H         LINE#         20
BL51 BANKED LINKER/LOCATER V6.22                                                      07/02/2018  11:10:09  PAGE 3


  C:0828H         LINE#         21
  C:082DH         LINE#         22
  C:0832H         LINE#         23
  C:0837H         LINE#         24
  C:083CH         LINE#         25
  C:0841H         LINE#         26
  C:0846H         LINE#         27
  C:084BH         LINE#         28
  -------         ENDPROC       MAIN
  -------         PROC          _LCD_CMD
  D:0007H         SYMBOL        x
  C:0887H         LINE#         30
  C:0887H         LINE#         31
  C:0887H         LINE#         32
  C:0889H         LINE#         33
  C:088BH         LINE#         34
  C:088BH         LINE#         35
  C:088BH         LINE#         36
  C:088EH         LINE#         37
  C:0890H         LINE#         38
  -------         ENDPROC       _LCD_CMD
  -------         PROC          _LCD_DATA
  D:0007H         SYMBOL        x
  C:0891H         LINE#         39
  C:0891H         LINE#         40
  C:0893H         LINE#         41
  C:0895H         LINE#         42
  C:0895H         LINE#         43
  C:0895H         LINE#         44
  C:0898H         LINE#         45
  C:089AH         LINE#         46
  -------         ENDPROC       _LCD_DATA
  -------         PROC          L?0015
  -------         ENDPROC       L?0015
  -------         PROC          _DELAY
  D:0006H         SYMBOL        t
  -------         DO            
  D:0004H         SYMBOL        i
  D:0002H         SYMBOL        j
  -------         ENDDO         
  C:0855H         LINE#         47
  C:0855H         LINE#         48
  C:0855H         LINE#         50
  C:0865H         LINE#         51
  C:087AH         LINE#         52
  -------         ENDPROC       _DELAY
  -------         ENDMOD        LCD

******************************************************************************
* RESTRICTED VERSION WITH 0800H BYTE CODE SIZE LIMIT; USED: 009EH BYTE ( 7%) *
******************************************************************************

Program Size: data=9.0 xdata=0 code=158
LINK/LOCATE RUN COMPLETE.  0 WARNING(S),  0 ERROR(S)
