BL51 BANKED LINKER/LOCATER V6.22                                                        07/02/2018  11:54:59  PAGE 1


BL51 BANKED LINKER/LOCATER V6.22, INVOKED BY:
C:\KEIL\C51\BIN\BL51.EXE STARTUP.obj, string.obj TO string RAMSIZE (256)


MEMORY MODEL: SMALL


INPUT MODULES INCLUDED:
  STARTUP.obj (?C_STARTUP)
  string.obj (STRING)
  C:\KEIL\C51\LIB\C51S.LIB (?C?CLDPTR)


LINK MAP OF MODULE:  string (?C_STARTUP)


            TYPE    BASE      LENGTH    RELOCATION   SEGMENT NAME
            -----------------------------------------------------

            * * * * * * *   D A T A   M E M O R Y   * * * * * * *
            REG     0000H     0008H     ABSOLUTE     "REG BANK 0"
            DATA    0008H     0003H     UNIT         _DATA_GROUP_
            IDATA   000BH     0001H     UNIT         ?STACK

            * * * * * * *   C O D E   M E M O R Y   * * * * * * *
            CODE    0000H     0003H     ABSOLUTE     
                    0003H     07FDH                  *** GAP ***
            CODE    0800H     002EH     UNIT         ?PR?_DELAY?STRING
            CODE    082EH     0023H     UNIT         ?PR?_LCD_STR?STRING
            CODE    0851H     001FH     UNIT         ?PR?MAIN?STRING
            CODE    0870H     0019H     UNIT         ?C?LIB_CODE
            CODE    0889H     000CH     UNIT         ?C_C51STARTUP
            CODE    0895H     000AH     UNIT         ?PR?_LCD_CMD?STRING
            CODE    089FH     000AH     UNIT         ?PR?_LCD_DATA?STRING
            CODE    08A9H     0006H     UNIT         ?CO?STRING



OVERLAY MAP OF MODULE:   string (?C_STARTUP)


SEGMENT                          DATA_GROUP 
  +--> CALLED SEGMENT          START    LENGTH
----------------------------------------------
?C_C51STARTUP                  -----    -----
  +--> ?PR?MAIN?STRING

?PR?MAIN?STRING                -----    -----
  +--> ?PR?_LCD_CMD?STRING
  +--> ?CO?STRING
  +--> ?PR?_LCD_STR?STRING

?PR?_LCD_CMD?STRING            -----    -----
  +--> ?PR?_DELAY?STRING

?PR?_LCD_STR?STRING            0008H    0003H
  +--> ?PR?_LCD_DATA?STRING

BL51 BANKED LINKER/LOCATER V6.22                                                      07/02/2018  11:54:59  PAGE 2


?PR?_LCD_DATA?STRING           -----    -----
  +--> ?PR?_DELAY?STRING



SYMBOL TABLE OF MODULE:  string (?C_STARTUP)

  VALUE           TYPE          NAME
  ----------------------------------

  -------         MODULE        ?C_STARTUP
  C:0889H         SEGMENT       ?C_C51STARTUP
  I:000BH         SEGMENT       ?STACK
  C:0000H         PUBLIC        ?C_STARTUP
  D:00E0H         SYMBOL        ACC
  D:00F0H         SYMBOL        B
  D:0083H         SYMBOL        DPH
  D:0082H         SYMBOL        DPL
  N:0000H         SYMBOL        IBPSTACK
  N:0100H         SYMBOL        IBPSTACKTOP
  N:0080H         SYMBOL        IDATALEN
  C:088CH         SYMBOL        IDATALOOP
  N:0000H         SYMBOL        PBPSTACK
  N:0100H         SYMBOL        PBPSTACKTOP
  N:0000H         SYMBOL        PDATALEN
  N:0000H         SYMBOL        PDATASTART
  N:0000H         SYMBOL        PPAGE
  N:0000H         SYMBOL        PPAGEENABLE
  D:00A0H         SYMBOL        PPAGE_SFR
  D:0081H         SYMBOL        SP
  C:0889H         SYMBOL        STARTUP1
  N:0000H         SYMBOL        XBPSTACK
  N:0000H         SYMBOL        XBPSTACKTOP
  N:0000H         SYMBOL        XDATALEN
  N:0000H         SYMBOL        XDATASTART
  C:0000H         LINE#         126
  C:0889H         LINE#         133
  C:088BH         LINE#         134
  C:088CH         LINE#         135
  C:088DH         LINE#         136
  C:088FH         LINE#         185
  C:0892H         LINE#         196
  -------         ENDMOD        ?C_STARTUP

  -------         MODULE        STRING
  C:0000H         SYMBOL        _ICE_DUMMY_
  D:0090H         PUBLIC        P1
  D:00A0H         PUBLIC        P2
  C:0808H         PUBLIC        _delay
  C:0851H         PUBLIC        main
  C:089FH         PUBLIC        _lcd_data
  C:0895H         PUBLIC        _lcd_cmd
  B:0090H.2       PUBLIC        e
  B:0090H.0       PUBLIC        rs
  B:0090H.1       PUBLIC        rw
  C:082EH         PUBLIC        _lcd_str
  -------         PROC          MAIN
BL51 BANKED LINKER/LOCATER V6.22                                                      07/02/2018  11:54:59  PAGE 3


  C:0851H         LINE#         11
  C:0851H         LINE#         12
  C:0851H         LINE#         13
  C:0856H         LINE#         14
  C:085BH         LINE#         15
  C:0860H         LINE#         16
  C:0865H         LINE#         17
  C:086EH         LINE#         18
  -------         ENDPROC       MAIN
  -------         PROC          _LCD_STR
  D:0008H         SYMBOL        p
  C:082EH         LINE#         20
  C:0834H         LINE#         21
  C:0834H         LINE#         22
  C:0840H         LINE#         23
  C:0840H         LINE#         24
  C:0843H         LINE#         25
  C:084EH         LINE#         26
  C:0850H         LINE#         27
  -------         ENDPROC       _LCD_STR
  -------         PROC          _LCD_CMD
  D:0007H         SYMBOL        x
  C:0895H         LINE#         29
  C:0895H         LINE#         30
  C:0895H         LINE#         31
  C:0897H         LINE#         32
  C:0899H         LINE#         33
  C:0899H         LINE#         34
  C:0899H         LINE#         35
  C:089CH         LINE#         36
  C:089EH         LINE#         37
  -------         ENDPROC       _LCD_CMD
  -------         PROC          _LCD_DATA
  D:0007H         SYMBOL        x
  C:089FH         LINE#         38
  C:089FH         LINE#         39
  C:08A1H         LINE#         40
  C:08A3H         LINE#         41
  C:08A3H         LINE#         42
  C:08A3H         LINE#         43
  C:08A6H         LINE#         44
  C:08A8H         LINE#         45
  -------         ENDPROC       _LCD_DATA
  -------         PROC          L?0018
  -------         ENDPROC       L?0018
  -------         PROC          _DELAY
  D:0006H         SYMBOL        t
  -------         DO            
  D:0004H         SYMBOL        i
  D:0002H         SYMBOL        j
  -------         ENDDO         
  C:0808H         LINE#         46
  C:0808H         LINE#         47
  C:0808H         LINE#         49
  C:0818H         LINE#         50
  C:082DH         LINE#         51
  -------         ENDPROC       _DELAY
BL51 BANKED LINKER/LOCATER V6.22                                                      07/02/2018  11:54:59  PAGE 4


  -------         ENDMOD        STRING

  -------         MODULE        ?C?CLDPTR
  C:0870H         PUBLIC        ?C?CLDPTR
  -------         ENDMOD        ?C?CLDPTR

******************************************************************************
* RESTRICTED VERSION WITH 0800H BYTE CODE SIZE LIMIT; USED: 0099H BYTE ( 7%) *
******************************************************************************

Program Size: data=12.0 xdata=0 code=178
LINK/LOCATE RUN COMPLETE.  0 WARNING(S),  0 ERROR(S)
