C51 COMPILER V9.50a   STRING                                                               07/02/2018 11:54:59 PAGE 1   


C51 COMPILER V9.50a, COMPILATION OF MODULE STRING
OBJECT MODULE PLACED IN string.OBJ
COMPILER INVOKED BY: C:\Keil\C51\BIN\C51.EXE string.c BROWSE DEBUG OBJECTEXTEND TABS(2)

line level    source

   1          // program on lcd
   2          #include <reg51.h>
   3          #define lcd P2
   4          sbit rs = P1^0;
   5          sbit rw = P1^1;
   6          sbit e  = P1^2;
   7          void lcd_str(unsigned char*);
   8          void lcd_cmd(unsigned char);
   9          void lcd_data(unsigned char);
  10          void delay (int);
  11          void main()
  12          {
  13   1        lcd_cmd(0x38);    //initializing two lines in 8 bit mode   
  14   1        lcd_cmd(0x01);   // clear
  15   1        lcd_cmd(0x0c);  //display on;display off;
  16   1        lcd_cmd(0x80);  //line 1 ; position 1
  17   1        lcd_str("hello");
  18   1        while (1);
  19   1      }
  20          void lcd_str(unsigned char *p)
  21          {
  22   1        while (*p != '\0')
  23   1        { 
  24   2          lcd_data(*p);
  25   2          p++;
  26   2        }
  27   1      }
  28          
  29          void lcd_cmd(unsigned char x)
  30          {
  31   1        lcd = x;  //pass data on dataline
  32   1        rs  = 0;  //configure rs in command mode
  33   1        rw = 0;   // configure rw in write mode
  34   1        e = 1;    // enable high
  35   1        delay(4);    
  36   1        e = 0;    //enable high
  37   1      }
  38          void lcd_data(unsigned char x)
  39          { lcd = x;
  40   1        rs = 1;
  41   1        rw = 0;
  42   1        e = 1;
  43   1        delay(4);
  44   1        e = 0;
  45   1      }
  46          void delay(int t)
  47          {
  48   1        int i,j;
  49   1        for(i=0;i<t;i++)
  50   1        for(j=0;j<100;j++);
  51   1      }


MODULE INFORMATION:   STATIC OVERLAYABLE
   CODE SIZE        =    132    ----
C51 COMPILER V9.50a   STRING                                                               07/02/2018 11:54:59 PAGE 2   

   CONSTANT SIZE    =      6    ----
   XDATA SIZE       =   ----    ----
   PDATA SIZE       =   ----    ----
   DATA SIZE        =   ----       3
   IDATA SIZE       =   ----    ----
   BIT SIZE         =   ----    ----
END OF MODULE INFORMATION.


C51 COMPILATION COMPLETE.  0 WARNING(S),  0 ERROR(S)
