C51 COMPILER V9.50a   SWITCH1                                                              07/02/2018 11:43:15 PAGE 1   


C51 COMPILER V9.50a, COMPILATION OF MODULE SWITCH1
OBJECT MODULE PLACED IN switch1.OBJ
COMPILER INVOKED BY: C:\Keil\C51\BIN\C51.EXE switch1.c BROWSE DEBUG OBJECTEXTEND TABS(2)

line level    source

   1          #include <reg51.h>
   2          sbit switch1 = P1^3;
   3          sbit led =P1^2;
   4          //sbit switch2 = P1^5;
   5          //sbit led1 = P1^4;
   6          int main()
   7          {
   8   1        led = 0;
   9   1        //led1 = 0;
  10   1        while(1)
  11   1        {
  12   2          if(switch1 == 1)
  13   2          {
  14   3            led = 1;
  15   3          }
  16   2          else
  17   2          {
  18   3            led = 0;
  19   3          }
  20   2        /*  if(switch2 == 0)
  21   2          {
  22   2            led1 = 1;
  23   2          }
  24   2          else
  25   2          {
  26   2            led1 = 0;
  27   2          }*/
  28   2        }
  29   1      }


MODULE INFORMATION:   STATIC OVERLAYABLE
   CODE SIZE        =     13    ----
   CONSTANT SIZE    =   ----    ----
   XDATA SIZE       =   ----    ----
   PDATA SIZE       =   ----    ----
   DATA SIZE        =   ----    ----
   IDATA SIZE       =   ----    ----
   BIT SIZE         =   ----    ----
END OF MODULE INFORMATION.


C51 COMPILATION COMPLETE.  0 WARNING(S),  0 ERROR(S)
