BL51 BANKED LINKER/LOCATER V6.22                                                        07/02/2018  11:43:15  PAGE 1


BL51 BANKED LINKER/LOCATER V6.22, INVOKED BY:
C:\KEIL\C51\BIN\BL51.EXE STARTUP.obj, switch1.obj TO switch1 RAMSIZE (256)


MEMORY MODEL: SMALL


INPUT MODULES INCLUDED:
  STARTUP.obj (?C_STARTUP)
  switch1.obj (SWITCH1)


LINK MAP OF MODULE:  switch1 (?C_STARTUP)


            TYPE    BASE      LENGTH    RELOCATION   SEGMENT NAME
            -----------------------------------------------------

            * * * * * * *   D A T A   M E M O R Y   * * * * * * *
            REG     0000H     0008H     ABSOLUTE     "REG BANK 0"
            IDATA   0008H     0001H     UNIT         ?STACK

            * * * * * * *   C O D E   M E M O R Y   * * * * * * *
            CODE    0000H     0003H     ABSOLUTE     
                    0003H     07FDH                  *** GAP ***
            CODE    0800H     000DH     UNIT         ?PR?MAIN?SWITCH1
            CODE    080DH     000CH     UNIT         ?C_C51STARTUP



OVERLAY MAP OF MODULE:   switch1 (?C_STARTUP)


SEGMENT
  +--> CALLED SEGMENT
---------------------
?C_C51STARTUP
  +--> ?PR?MAIN?SWITCH1



SYMBOL TABLE OF MODULE:  switch1 (?C_STARTUP)

  VALUE           TYPE          NAME
  ----------------------------------

  -------         MODULE        ?C_STARTUP
  C:080DH         SEGMENT       ?C_C51STARTUP
  I:0008H         SEGMENT       ?STACK
  C:0000H         PUBLIC        ?C_STARTUP
  D:00E0H         SYMBOL        ACC
  D:00F0H         SYMBOL        B
  D:0083H         SYMBOL        DPH
  D:0082H         SYMBOL        DPL
  N:0000H         SYMBOL        IBPSTACK
  N:0100H         SYMBOL        IBPSTACKTOP
  N:0080H         SYMBOL        IDATALEN
  C:0810H         SYMBOL        IDATALOOP
BL51 BANKED LINKER/LOCATER V6.22                                                      07/02/2018  11:43:15  PAGE 2


  N:0000H         SYMBOL        PBPSTACK
  N:0100H         SYMBOL        PBPSTACKTOP
  N:0000H         SYMBOL        PDATALEN
  N:0000H         SYMBOL        PDATASTART
  N:0000H         SYMBOL        PPAGE
  N:0000H         SYMBOL        PPAGEENABLE
  D:00A0H         SYMBOL        PPAGE_SFR
  D:0081H         SYMBOL        SP
  C:080DH         SYMBOL        STARTUP1
  N:0000H         SYMBOL        XBPSTACK
  N:0000H         SYMBOL        XBPSTACKTOP
  N:0000H         SYMBOL        XDATALEN
  N:0000H         SYMBOL        XDATASTART
  C:0000H         LINE#         126
  C:080DH         LINE#         133
  C:080FH         LINE#         134
  C:0810H         LINE#         135
  C:0811H         LINE#         136
  C:0813H         LINE#         185
  C:0816H         LINE#         196
  -------         ENDMOD        ?C_STARTUP

  -------         MODULE        SWITCH1
  C:0000H         SYMBOL        _ICE_DUMMY_
  D:0090H         PUBLIC        P1
  C:0800H         PUBLIC        main
  B:0090H.2       PUBLIC        led
  B:0090H.3       PUBLIC        switch1
  -------         PROC          MAIN
  C:0800H         LINE#         6
  C:0800H         LINE#         7
  C:0800H         LINE#         8
  C:0802H         LINE#         10
  C:0802H         LINE#         11
  C:0802H         LINE#         12
  C:0805H         LINE#         13
  C:0805H         LINE#         14
  C:0807H         LINE#         15
  C:0809H         LINE#         17
  C:0809H         LINE#         18
  C:080BH         LINE#         19
  C:080BH         LINE#         28
  -------         ENDPROC       MAIN
  -------         ENDMOD        SWITCH1

******************************************************************************
* RESTRICTED VERSION WITH 0800H BYTE CODE SIZE LIMIT; USED: 001CH BYTE ( 1%) *
******************************************************************************

Program Size: data=9.0 xdata=0 code=28
LINK/LOCATE RUN COMPLETE.  0 WARNING(S),  0 ERROR(S)
