<html>
<body>
<pre>
<h1>µVision Build Log</h1>
<h2>Project:</h2>
F:\1Teknomindz_embedded_iot\ARM_CORTEX\DACR\DACR.uvproj
Project File Date:  07/25/2011

<h2>Output:</h2>
Rebuild target 'Target 1'
assembling Startup.s...
compiling DACR.c...
DACR.c(4): warning:  #177-D: variable "j" was declared but never referenced
linking...
Program Size: Code=504 RO-data=16 RW-data=0 ZI-data=1256  
"DACR.axf" - 0 Error(s), 1 Warning(s).
Rebuild target 'Target 1'
assembling Startup.s...
compiling DACR.c...
DACR.c(4): warning:  #177-D: variable "j" was declared but never referenced
linking...
Program Size: Code=504 RO-data=16 RW-data=0 ZI-data=1256  
"DACR.axf" - 0 Error(s), 1 Warning(s).
Rebuild target 'Target 1'
assembling Startup.s...
compiling DACR.c...
DACR.c(4): warning:  #177-D: variable "j" was declared but never referenced
linking...
Program Size: Code=504 RO-data=16 RW-data=0 ZI-data=1256  
"DACR.axf" - 0 Error(s), 1 Warning(s).
Rebuild target 'Target 1'
assembling Startup.s...
compiling DACR.c...
linking...
Program Size: Code=504 RO-data=16 RW-data=0 ZI-data=1256  
"DACR.axf" - 0 Error(s), 0 Warning(s).
Rebuild target 'Target 1'
assembling Startup.s...
compiling DACR.c...
linking...
Program Size: Code=504 RO-data=16 RW-data=0 ZI-data=1256  
"DACR.axf" - 0 Error(s), 0 Warning(s).
Rebuild target 'Target 1'
assembling Startup.s...
compiling DACR.c...
linking...
Program Size: Code=504 RO-data=16 RW-data=0 ZI-data=1256  
"DACR.axf" - 0 Error(s), 0 Warning(s).
Rebuild target 'Target 1'
assembling Startup.s...
compiling DACR.c...
linking...
Program Size: Code=504 RO-data=16 RW-data=0 ZI-data=1256  
"DACR.axf" - 0 Error(s), 0 Warning(s).
Rebuild target 'Target 1'
assembling Startup.s...
compiling DACR.c...
linking...
Program Size: Code=504 RO-data=16 RW-data=0 ZI-data=1256  
"DACR.axf" - 0 Error(s), 0 Warning(s).
Rebuild target 'Target 1'
assembling Startup.s...
compiling DACR.c...
linking...
Program Size: Code=504 RO-data=16 RW-data=0 ZI-data=1256  
"DACR.axf" - 0 Error(s), 0 Warning(s).
Rebuild target 'Target 1'
assembling Startup.s...
compiling DACR.c...
linking...
Program Size: Code=520 RO-data=16 RW-data=0 ZI-data=1256  
"DACR.axf" - 0 Error(s), 0 Warning(s).
Rebuild target 'Target 1'
assembling Startup.s...
compiling DACR.c...
linking...
Program Size: Code=520 RO-data=16 RW-data=0 ZI-data=1256  
FromELF: creating hex file...
"DACR.axf" - 0 Error(s), 0 Warning(s).
