C51 COMPILER V9.50a   KEYPAD                                                               07/02/2018 15:55:26 PAGE 1   


C51 COMPILER V9.50a, COMPILATION OF MODULE KEYPAD
OBJECT MODULE PLACED IN keypad.OBJ
COMPILER INVOKED BY: C:\Keil\C51\BIN\C51.EXE keypad.c BROWSE DEBUG OBJECTEXTEND TABS(2)

line level    source

   1          #include <reg51.h>
   2          sbit r0 = P2^0;
   3          sbit r1 = P2^1;
   4          sbit r2 = P2^2;
   5          sbit r3 = P2^3;
   6          sbit c0 = P2^4;
   7          sbit c1 = P2^5;
   8          sbit c2 = P2^6;
   9          sbit c3 = P2^7;
  10          sbit led = P1^1;
  11          
  12          void main()
  13          {
  14   1        led = 0;
  15   1        while(1)
  16   1        {
  17   2          r0 = 0;
  18   2          r1=r2=r3=1;
  19   2          if ( c0==0)    // 1 pressed
  20   2          { led =1;  //led on
  21   3          }
  22   2          r3=0;
  23   2          r0=r1=r2=1;
  24   2          if(c1==0)   // 0 pressed
  25   2          {
  26   3            led = 0;  //led off
  27   3          }
  28   2        }
  29   1      }


MODULE INFORMATION:   STATIC OVERLAYABLE
   CODE SIZE        =     30    ----
   CONSTANT SIZE    =   ----    ----
   XDATA SIZE       =   ----    ----
   PDATA SIZE       =   ----    ----
   DATA SIZE        =   ----    ----
   IDATA SIZE       =   ----    ----
   BIT SIZE         =   ----    ----
END OF MODULE INFORMATION.


C51 COMPILATION COMPLETE.  0 WARNING(S),  0 ERROR(S)
