BL51 BANKED LINKER/LOCATER V6.22                                                        07/02/2018  15:55:26  PAGE 1


BL51 BANKED LINKER/LOCATER V6.22, INVOKED BY:
C:\KEIL\C51\BIN\BL51.EXE STARTUP.obj, keypad.obj TO keypad RAMSIZE (256)


MEMORY MODEL: SMALL


INPUT MODULES INCLUDED:
  STARTUP.obj (?C_STARTUP)
  keypad.obj (KEYPAD)


LINK MAP OF MODULE:  keypad (?C_STARTUP)


            TYPE    BASE      LENGTH    RELOCATION   SEGMENT NAME
            -----------------------------------------------------

            * * * * * * *   D A T A   M E M O R Y   * * * * * * *
            REG     0000H     0008H     ABSOLUTE     "REG BANK 0"
            IDATA   0008H     0001H     UNIT         ?STACK

            * * * * * * *   C O D E   M E M O R Y   * * * * * * *
            CODE    0000H     0003H     ABSOLUTE     
                    0003H     07FDH                  *** GAP ***
            CODE    0800H     001EH     UNIT         ?PR?MAIN?KEYPAD
            CODE    081EH     000CH     UNIT         ?C_C51STARTUP



OVERLAY MAP OF MODULE:   keypad (?C_STARTUP)


SEGMENT
  +--> CALLED SEGMENT
---------------------
?C_C51STARTUP
  +--> ?PR?MAIN?KEYPAD



SYMBOL TABLE OF MODULE:  keypad (?C_STARTUP)

  VALUE           TYPE          NAME
  ----------------------------------

  -------         MODULE        ?C_STARTUP
  C:081EH         SEGMENT       ?C_C51STARTUP
  I:0008H         SEGMENT       ?STACK
  C:0000H         PUBLIC        ?C_STARTUP
  D:00E0H         SYMBOL        ACC
  D:00F0H         SYMBOL        B
  D:0083H         SYMBOL        DPH
  D:0082H         SYMBOL        DPL
  N:0000H         SYMBOL        IBPSTACK
  N:0100H         SYMBOL        IBPSTACKTOP
  N:0080H         SYMBOL        IDATALEN
  C:0821H         SYMBOL        IDATALOOP
BL51 BANKED LINKER/LOCATER V6.22                                                      07/02/2018  15:55:26  PAGE 2


  N:0000H         SYMBOL        PBPSTACK
  N:0100H         SYMBOL        PBPSTACKTOP
  N:0000H         SYMBOL        PDATALEN
  N:0000H         SYMBOL        PDATASTART
  N:0000H         SYMBOL        PPAGE
  N:0000H         SYMBOL        PPAGEENABLE
  D:00A0H         SYMBOL        PPAGE_SFR
  D:0081H         SYMBOL        SP
  C:081EH         SYMBOL        STARTUP1
  N:0000H         SYMBOL        XBPSTACK
  N:0000H         SYMBOL        XBPSTACKTOP
  N:0000H         SYMBOL        XDATALEN
  N:0000H         SYMBOL        XDATASTART
  C:0000H         LINE#         126
  C:081EH         LINE#         133
  C:0820H         LINE#         134
  C:0821H         LINE#         135
  C:0822H         LINE#         136
  C:0824H         LINE#         185
  C:0827H         LINE#         196
  -------         ENDMOD        ?C_STARTUP

  -------         MODULE        KEYPAD
  C:0000H         SYMBOL        _ICE_DUMMY_
  D:0090H         PUBLIC        P1
  D:00A0H         PUBLIC        P2
  B:00A0H.4       PUBLIC        c0
  B:00A0H.5       PUBLIC        c1
  B:00A0H.0       PUBLIC        r0
  B:00A0H.1       PUBLIC        r1
  B:00A0H.2       PUBLIC        r2
  B:00A0H.3       PUBLIC        r3
  C:0800H         PUBLIC        main
  B:0090H.1       PUBLIC        led
  -------         PROC          MAIN
  C:0800H         LINE#         12
  C:0800H         LINE#         13
  C:0800H         LINE#         14
  C:0802H         LINE#         15
  C:0802H         LINE#         16
  C:0802H         LINE#         17
  C:0804H         LINE#         18
  C:080AH         LINE#         19
  C:080DH         LINE#         20
  C:080FH         LINE#         21
  C:080FH         LINE#         22
  C:0811H         LINE#         23
  C:0817H         LINE#         24
  C:081AH         LINE#         25
  C:081AH         LINE#         26
  C:081CH         LINE#         27
  C:081CH         LINE#         28
  -------         ENDPROC       MAIN
  -------         ENDMOD        KEYPAD

******************************************************************************
* RESTRICTED VERSION WITH 0800H BYTE CODE SIZE LIMIT; USED: 002DH BYTE ( 2%) *
BL51 BANKED LINKER/LOCATER V6.22                                                      07/02/2018  15:55:26  PAGE 3


******************************************************************************

Program Size: data=9.0 xdata=0 code=45
LINK/LOCATE RUN COMPLETE.  0 WARNING(S),  0 ERROR(S)
