C51 COMPILER V9.50a   KEYPAD_INTERFACING                                                   07/02/2018 16:00:51 PAGE 1   


C51 COMPILER V9.50a, COMPILATION OF MODULE KEYPAD_INTERFACING
OBJECT MODULE PLACED IN keypad_interfacing.OBJ
COMPILER INVOKED BY: C:\Keil\C51\BIN\C51.EXE keypad_interfacing.c BROWSE DEBUG OBJECTEXTEND TABS(2)

line level    source

   1          #include <reg51.h>
   2          #define lcd P3
   3          sbit r0 = P2^0;
   4          sbit r1 = P2^1;
   5          sbit r2 = P2^2;
   6          sbit r3 = P2^3;
   7          sbit c0 = P2^4;
   8          sbit c1 = P2^5;
   9          sbit c2 = P2^6;
  10          sbit c3 = P2^7;
  11          sbit rs = P1^0;
  12          sbit rw = P1^1;
  13          sbit e  = P1^2;
  14          
  15          void lcd_cmd(unsigned char);
  16          void lcd_data(unsigned char);
  17          void delay (int);
  18          void main()
  19          { char a[4];
  20   1        a[4] = {1,3,6,8};
*** ERROR C141 IN LINE 20 OF keypad_interfacing.c: syntax error near '{'
*** ERROR C141 IN LINE 20 OF keypad_interfacing.c: syntax error near '}'
  21   1        lcd_cmd(0x38);    //initializing two lines in 8 bit mode   
  22   1        lcd_cmd(0x01);   // clear
  23   1        lcd_cmd(0x0c);  //display on;display off;
  24   1      
  25   1      
  26   1      
  27   1        while(1)
  28   1          lcd_cmd(0x80);  //line 1 ; position 1
  29   1        { 
  30   2          r0 = 0;
  31   2          r1=r2=r3=1;
  32   2      
  33   2          if (c0 == 0)
  34   2          {
  35   3            lcd_data('0');
  36   3          } 
  37   2          
  38   2            r3=0;
  39   2          r0=r1=r2=1;
  40   2          if (c1 == 0)
  41   2          {
  42   3            lcd_data ('1');
  43   3          }
  44   2      
  45   2      }
  46   1      }
  47              void lcd_cmd(unsigned char x)
  48          {
  49   1        lcd = x;  //pass data on dataline
  50   1        rs  = 0;  //configure rs in command mode
  51   1        rw = 0;   // configure rw in write mode
  52   1        e = 1;    // enable high
  53   1        delay(4);    
C51 COMPILER V9.50a   KEYPAD_INTERFACING                                                   07/02/2018 16:00:51 PAGE 2   

  54   1        e = 0;    //enable high
  55   1      }
  56          void lcd_data(unsigned char x)
  57          { 
  58   1        lcd = x;
  59   1        rs = 1;
  60   1        rw = 0;
  61   1        e = 1;
  62   1        delay(4);
  63   1        e = 0;
  64   1      }
  65          void delay(int t)
  66          {
  67   1        int i,j;
  68   1        for(i=0;i<t;i++)
  69   1        for(j=0;j<100;j++);
  70   1      
  71   1      }
  72              
  73          
  74          
  75          
  76          
  77          
  78          
  79          
  80          
  81          
  82          
  83          
  84          
  85          
  86          
  87          
  88          
  89          
  90          
  91          
  92          
  93          
  94          /*
  95          // program on lcd
  96          #include <reg51.h>
  97          #define lcd P2
  98          sbit rs = P1^0;
  99          sbit rw = P1^1;
 100          sbit e  = P1^2;
 101          void lcd_cmd(unsigned char);
 102          void lcd_data(unsigned char);
 103          void delay (int);
 104          void main()
 105          {
 106            lcd_cmd(0x38);    //initializing two lines in 8 bit mode   
 107            lcd_cmd(0x01);   // clear
 108            lcd_cmd(0x0c);  //display on;display off;
 109            lcd_cmd(0x80);  //line 1 ; position 1
 110            // 
 111            lcd_data('h');
 112            lcd_data('e');
 113            lcd_data('l');
 114            lcd_data('l');
 115            lcd_data('0');
C51 COMPILER V9.50a   KEYPAD_INTERFACING                                                   07/02/2018 16:00:51 PAGE 3   

 116            lcd_cmd(0xc0); 
 117            lcd_data('w');
 118            lcd_data('o');
 119            lcd_data('r');
 120            lcd_data('l');
 121            lcd_data('d');
 122            while (1);
 123          }
 124          void lcd_cmd(unsigned char x)
 125          {
 126            lcd = x;  //pass data on dataline
 127            rs  = 0;  //configure rs in command mode
 128            rw = 0;   // configure rw in write mode
 129            e = 1;    // enable high
 130            delay(4);    
 131            e = 0;    //enable high
 132          }
 133          void lcd_data(unsigned char x)
 134          { lcd = x;
 135            rs = 1;
 136            rw = 0;
 137            e = 1;
 138            delay(4);
 139            e = 0;
 140          }
 141          void delay(int t)
 142          {
 143            int i,j;
 144            for(i=0;i<t;i++)
 145            for(j=0;j<100;j++);
 146          }
 147          */

C51 COMPILATION COMPLETE.  0 WARNING(S),  2 ERROR(S)
