<html>
<body>
<pre>
<h1>µVision Build Log</h1>
<h2>Project:</h2>
F:\1Teknomindz_embedded_iot\ARM_7\PLL\PLL.uvproj
Project File Date:  <unknown>

<h2>Output:</h2>
Rebuild target 'Target 1'
assembling Startup.s...
compiling PLL.c...
PLL.c(1): error:  #5: cannot open source input file "lpc2148.h": No such file or directory
Target not created
Rebuild target 'Target 1'
assembling Startup.s...
compiling PLL.c...
PLL.c(4): warning:  #174-D: expression has no effect
PLL.c(5): error:  #29: expected an expression
PLL.c(13): error:  #29: expected an expression
PLL.c(18): warning:  #1-D: last line of file ends without a newline
Target not created
Rebuild target 'Target 1'
assembling Startup.s...
compiling PLL.c...
PLL.c(4): warning:  #174-D: expression has no effect
PLL.c(5): error:  #29: expected an expression
PLL.c(13): error:  #29: expected an expression
PLL.c(18): warning:  #1-D: last line of file ends without a newline
Target not created
Rebuild target 'Target 1'
assembling Startup.s...
compiling PLL.c...
PLL.c(4): warning:  #174-D: expression has no effect
PLL.c(12): error:  #29: expected an expression
PLL.c(17): warning:  #1-D: last line of file ends without a newline
Target not created
Rebuild target 'Target 1'
assembling Startup.s...
compiling PLL.c...
PLL.c(4): warning:  #174-D: expression has no effect
PLL.c(12): error:  #29: expected an expression
Target not created
Rebuild target 'Target 1'
assembling Startup.s...
compiling PLL.c...
PLL.c(12): error:  #29: expected an expression
Target not created
Rebuild target 'Target 1'
assembling Startup.s...
compiling PLL.c...
linking...
Program Size: Code=576 RO-data=16 RW-data=0 ZI-data=1256  
"PLL.axf" - 0 Error(s), 0 Warning(s).
Rebuild target 'Target 1'
assembling Startup.s...
compiling PLL.c...
PLL.c(12): error:  #29: expected an expression
PLL.c(12): error:  #137: expression must be a modifiable lvalue
Target not created
Rebuild target 'Target 1'
assembling Startup.s...
compiling PLL.c...
linking...
Program Size: Code=576 RO-data=16 RW-data=0 ZI-data=1256  
"PLL.axf" - 0 Error(s), 0 Warning(s).
Rebuild target 'Target 1'
assembling Startup.s...
compiling PLL.c...
linking...
Program Size: Code=576 RO-data=16 RW-data=0 ZI-data=1256  
"PLL.axf" - 0 Error(s), 0 Warning(s).
