BL51 BANKED LINKER/LOCATER V6.22                                                        07/02/2018  10:12:56  PAGE 1


BL51 BANKED LINKER/LOCATER V6.22, INVOKED BY:
C:\KEIL\C51\BIN\BL51.EXE STARTUP.obj, timer.obj TO timer1 RAMSIZE (256)


MEMORY MODEL: SMALL


INPUT MODULES INCLUDED:
  STARTUP.obj (?C_STARTUP)
  timer.obj (TIMER)


LINK MAP OF MODULE:  timer1 (?C_STARTUP)


            TYPE    BASE      LENGTH    RELOCATION   SEGMENT NAME
            -----------------------------------------------------

            * * * * * * *   D A T A   M E M O R Y   * * * * * * *
            REG     0000H     0008H     ABSOLUTE     "REG BANK 0"
            DATA    0008H     0004H     UNIT         _DATA_GROUP_
            IDATA   000CH     0001H     UNIT         ?STACK

            * * * * * * *   C O D E   M E M O R Y   * * * * * * *
            CODE    0000H     0003H     ABSOLUTE     
                    0003H     07FDH                  *** GAP ***
            CODE    0800H     003EH     UNIT         ?PR?MAIN?TIMER
            CODE    083EH     0021H     UNIT         ?PR?DELAY?TIMER
            CODE    085FH     000CH     UNIT         ?C_C51STARTUP



OVERLAY MAP OF MODULE:   timer1 (?C_STARTUP)


SEGMENT                          DATA_GROUP 
  +--> CALLED SEGMENT          START    LENGTH
----------------------------------------------
?C_C51STARTUP                  -----    -----
  +--> ?PR?MAIN?TIMER

?PR?MAIN?TIMER                 0008H    0004H
  +--> ?PR?DELAY?TIMER



SYMBOL TABLE OF MODULE:  timer1 (?C_STARTUP)

  VALUE           TYPE          NAME
  ----------------------------------

  -------         MODULE        ?C_STARTUP
  C:085FH         SEGMENT       ?C_C51STARTUP
  I:000CH         SEGMENT       ?STACK
  C:0000H         PUBLIC        ?C_STARTUP
  D:00E0H         SYMBOL        ACC
  D:00F0H         SYMBOL        B
  D:0083H         SYMBOL        DPH
BL51 BANKED LINKER/LOCATER V6.22                                                      07/02/2018  10:12:56  PAGE 2


  D:0082H         SYMBOL        DPL
  N:0000H         SYMBOL        IBPSTACK
  N:0100H         SYMBOL        IBPSTACKTOP
  N:0080H         SYMBOL        IDATALEN
  C:0862H         SYMBOL        IDATALOOP
  N:0000H         SYMBOL        PBPSTACK
  N:0100H         SYMBOL        PBPSTACKTOP
  N:0000H         SYMBOL        PDATALEN
  N:0000H         SYMBOL        PDATASTART
  N:0000H         SYMBOL        PPAGE
  N:0000H         SYMBOL        PPAGEENABLE
  D:00A0H         SYMBOL        PPAGE_SFR
  D:0081H         SYMBOL        SP
  C:085FH         SYMBOL        STARTUP1
  N:0000H         SYMBOL        XBPSTACK
  N:0000H         SYMBOL        XBPSTACKTOP
  N:0000H         SYMBOL        XDATALEN
  N:0000H         SYMBOL        XDATASTART
  C:0000H         LINE#         126
  C:085FH         LINE#         133
  C:0861H         LINE#         134
  C:0862H         LINE#         135
  C:0863H         LINE#         136
  C:0865H         LINE#         185
  C:0868H         LINE#         196
  -------         ENDMOD        ?C_STARTUP

  -------         MODULE        TIMER
  C:0000H         SYMBOL        _ICE_DUMMY_
  D:0090H         PUBLIC        P1
  C:083EH         PUBLIC        delay
  C:0800H         PUBLIC        main
  D:0089H         PUBLIC        TMOD
  B:0090H.0       PUBLIC        led
  B:0090H.1       PUBLIC        led_1
  B:0088H.5       PUBLIC        TF0
  D:008CH         PUBLIC        TH0
  D:008AH         PUBLIC        TL0
  B:0088H.4       PUBLIC        TR0
  -------         PROC          MAIN
  -------         DO            
  D:0008H         SYMBOL        i
  D:000AH         SYMBOL        j
  -------         ENDDO         
  C:0800H         LINE#         5
  C:0800H         LINE#         6
  C:0800H         LINE#         7
  C:0809H         LINE#         8
  C:080BH         LINE#         9
  C:080DH         LINE#         10
  C:080DH         LINE#         11
  C:080DH         LINE#         12
  C:0815H         LINE#         13
  C:0817H         LINE#         14
  C:081BH         LINE#         15
  C:081BH         LINE#         16
  C:0823H         LINE#         17
BL51 BANKED LINKER/LOCATER V6.22                                                      07/02/2018  10:12:56  PAGE 3


  C:0825H         LINE#         18
  C:0829H         LINE#         19
  C:0829H         LINE#         21
  C:082CH         LINE#         22
  C:0834H         LINE#         23
  C:083CH         LINE#         24
  -------         ENDPROC       MAIN
  -------         PROC          DELAY
  -------         DO            
  D:0006H         SYMBOL        i
  -------         ENDDO         
  C:083EH         LINE#         26
  C:083EH         LINE#         27
  C:083EH         LINE#         28
  C:0841H         LINE#         29
  C:0844H         LINE#         30
  C:0844H         LINE#         31
  C:0847H         LINE#         32
  C:084AH         LINE#         33
  C:084CH         LINE#         34
  C:084FH         LINE#         35
  C:0851H         LINE#         36
  C:0853H         LINE#         37
  C:085EH         LINE#         38
  -------         ENDPROC       DELAY
  -------         ENDMOD        TIMER

******************************************************************************
* RESTRICTED VERSION WITH 0800H BYTE CODE SIZE LIMIT; USED: 006EH BYTE ( 5%) *
******************************************************************************

Program Size: data=13.0 xdata=0 code=110
LINK/LOCATE RUN COMPLETE.  0 WARNING(S),  0 ERROR(S)
