C51 COMPILER V9.50a   BASIC_LED                                                            07/02/2018 10:42:55 PAGE 1   


C51 COMPILER V9.50a, COMPILATION OF MODULE BASIC_LED
OBJECT MODULE PLACED IN basic_led.OBJ
COMPILER INVOKED BY: C:\Keil\C51\BIN\C51.EXE basic_led.c BROWSE DEBUG OBJECTEXTEND TABS(2)

line level    source

   1          #include<reg51.h>
   2          sbit Led=P1^2;  //p1.2 defined as led
   3          sbit Led2=P1^3;
   4          void delay(void);
   5          void main ()
   6          {
   7   1      Led = 0;   //led off
   8   1        Led2=0;
   9   1        while (1)
  10   1        {
  11   2          Led = 1;  // led on
  12   2          Led2=0;
  13   2          delay();
  14   2          Led = 0;
  15   2          Led2=1;
  16   2          delay();
  17   2      }
  18   1      }
  19          void delay(void)
  20          { int i,j;
  21   1        for (i=0;i<400;i++)
  22   1        for (j=0;j<400;j++);
  23   1      }


MODULE INFORMATION:   STATIC OVERLAYABLE
   CODE SIZE        =     49    ----
   CONSTANT SIZE    =   ----    ----
   XDATA SIZE       =   ----    ----
   PDATA SIZE       =   ----    ----
   DATA SIZE        =   ----    ----
   IDATA SIZE       =   ----    ----
   BIT SIZE         =   ----    ----
END OF MODULE INFORMATION.


C51 COMPILATION COMPLETE.  0 WARNING(S),  0 ERROR(S)
