BL51 BANKED LINKER/LOCATER V6.22                                                        07/02/2018  10:42:55  PAGE 1


BL51 BANKED LINKER/LOCATER V6.22, INVOKED BY:
C:\KEIL\C51\BIN\BL51.EXE STARTUP.obj, basic_led.obj TO led RAMSIZE (256)


MEMORY MODEL: SMALL


INPUT MODULES INCLUDED:
  STARTUP.obj (?C_STARTUP)
  basic_led.obj (BASIC_LED)


LINK MAP OF MODULE:  led (?C_STARTUP)


            TYPE    BASE      LENGTH    RELOCATION   SEGMENT NAME
            -----------------------------------------------------

            * * * * * * *   D A T A   M E M O R Y   * * * * * * *
            REG     0000H     0008H     ABSOLUTE     "REG BANK 0"
            IDATA   0008H     0001H     UNIT         ?STACK

            * * * * * * *   C O D E   M E M O R Y   * * * * * * *
            CODE    0000H     0003H     ABSOLUTE     
                    0003H     07FDH                  *** GAP ***
            CODE    0800H     001DH     UNIT         ?PR?DELAY?BASIC_LED
            CODE    081DH     0014H     UNIT         ?PR?MAIN?BASIC_LED
            CODE    0831H     000CH     UNIT         ?C_C51STARTUP



OVERLAY MAP OF MODULE:   led (?C_STARTUP)


SEGMENT
  +--> CALLED SEGMENT
---------------------
?C_C51STARTUP
  +--> ?PR?MAIN?BASIC_LED

?PR?MAIN?BASIC_LED
  +--> ?PR?DELAY?BASIC_LED



SYMBOL TABLE OF MODULE:  led (?C_STARTUP)

  VALUE           TYPE          NAME
  ----------------------------------

  -------         MODULE        ?C_STARTUP
  C:0831H         SEGMENT       ?C_C51STARTUP
  I:0008H         SEGMENT       ?STACK
  C:0000H         PUBLIC        ?C_STARTUP
  D:00E0H         SYMBOL        ACC
  D:00F0H         SYMBOL        B
  D:0083H         SYMBOL        DPH
  D:0082H         SYMBOL        DPL
BL51 BANKED LINKER/LOCATER V6.22                                                      07/02/2018  10:42:55  PAGE 2


  N:0000H         SYMBOL        IBPSTACK
  N:0100H         SYMBOL        IBPSTACKTOP
  N:0080H         SYMBOL        IDATALEN
  C:0834H         SYMBOL        IDATALOOP
  N:0000H         SYMBOL        PBPSTACK
  N:0100H         SYMBOL        PBPSTACKTOP
  N:0000H         SYMBOL        PDATALEN
  N:0000H         SYMBOL        PDATASTART
  N:0000H         SYMBOL        PPAGE
  N:0000H         SYMBOL        PPAGEENABLE
  D:00A0H         SYMBOL        PPAGE_SFR
  D:0081H         SYMBOL        SP
  C:0831H         SYMBOL        STARTUP1
  N:0000H         SYMBOL        XBPSTACK
  N:0000H         SYMBOL        XBPSTACKTOP
  N:0000H         SYMBOL        XDATALEN
  N:0000H         SYMBOL        XDATASTART
  C:0000H         LINE#         126
  C:0831H         LINE#         133
  C:0833H         LINE#         134
  C:0834H         LINE#         135
  C:0835H         LINE#         136
  C:0837H         LINE#         185
  C:083AH         LINE#         196
  -------         ENDMOD        ?C_STARTUP

  -------         MODULE        BASIC_LED
  C:0000H         SYMBOL        _ICE_DUMMY_
  D:0090H         PUBLIC        P1
  C:0800H         PUBLIC        delay
  B:0090H.2       PUBLIC        Led
  C:081DH         PUBLIC        main
  B:0090H.3       PUBLIC        Led2
  -------         PROC          MAIN
  C:081DH         LINE#         5
  C:081DH         LINE#         6
  C:081DH         LINE#         7
  C:081FH         LINE#         8
  C:0821H         LINE#         9
  C:0821H         LINE#         10
  C:0821H         LINE#         11
  C:0823H         LINE#         12
  C:0825H         LINE#         13
  C:0828H         LINE#         14
  C:082AH         LINE#         15
  C:082CH         LINE#         16
  C:082FH         LINE#         17
  -------         ENDPROC       MAIN
  -------         PROC          DELAY
  -------         DO            
  D:0006H         SYMBOL        i
  D:0004H         SYMBOL        j
  -------         ENDDO         
  C:0800H         LINE#         19
  C:0800H         LINE#         20
  C:0800H         LINE#         21
  C:0803H         LINE#         22
BL51 BANKED LINKER/LOCATER V6.22                                                      07/02/2018  10:42:55  PAGE 3


  C:081CH         LINE#         23
  -------         ENDPROC       DELAY
  -------         ENDMOD        BASIC_LED

******************************************************************************
* RESTRICTED VERSION WITH 0800H BYTE CODE SIZE LIMIT; USED: 0040H BYTE ( 3%) *
******************************************************************************

Program Size: data=9.0 xdata=0 code=64
LINK/LOCATE RUN COMPLETE.  0 WARNING(S),  0 ERROR(S)
