BL51 BANKED LINKER/LOCATER V6.22                                                        07/02/2018  10:58:20  PAGE 1


BL51 BANKED LINKER/LOCATER V6.22, INVOKED BY:
C:\KEIL\C51\BIN\BL51.EXE STARTUP.obj, keypad_lcd.obj TO keypad_lcd                                c RAMSIZE (256)


MEMORY MODEL: SMALL


INPUT MODULES INCLUDED:
  STARTUP.obj (?C_STARTUP)
  keypad_lcd.obj (KEYPAD_LCD)


LINK MAP OF MODULE:  keypad_lcd                                c (?C_STARTUP)


            TYPE    BASE      LENGTH    RELOCATION   SEGMENT NAME
            -----------------------------------------------------

            * * * * * * *   D A T A   M E M O R Y   * * * * * * *
            REG     0000H     0008H     ABSOLUTE     "REG BANK 0"
            IDATA   0008H     0001H     UNIT         ?STACK

            * * * * * * *   C O D E   M E M O R Y   * * * * * * *
            CODE    0000H     0003H     ABSOLUTE     
                    0003H     07FDH                  *** GAP ***
            CODE    0800H     0036H     UNIT         ?PR?MAIN?KEYPAD_LCD
            CODE    0836H     002EH     UNIT         ?PR?_DELAY?KEYPAD_LCD
            CODE    0864H     000CH     UNIT         ?C_C51STARTUP
            CODE    0870H     000AH     UNIT         ?PR?_LCD_CMD?KEYPAD_LCD
            CODE    087AH     000AH     UNIT         ?PR?_LCD_DATA?KEYPAD_LCD



OVERLAY MAP OF MODULE:   keypad_lcd                                c (?C_STARTUP)


SEGMENT
  +--> CALLED SEGMENT
---------------------
?C_C51STARTUP
  +--> ?PR?MAIN?KEYPAD_LCD

?PR?MAIN?KEYPAD_LCD
  +--> ?PR?_LCD_CMD?KEYPAD_LCD
  +--> ?PR?_LCD_DATA?KEYPAD_LCD

?PR?_LCD_CMD?KEYPAD_LCD
  +--> ?PR?_DELAY?KEYPAD_LCD

?PR?_LCD_DATA?KEYPAD_LCD
  +--> ?PR?_DELAY?KEYPAD_LCD



SYMBOL TABLE OF MODULE:  keypad_lcd                                c (?C_STARTUP)

  VALUE           TYPE          NAME
  ----------------------------------
BL51 BANKED LINKER/LOCATER V6.22                                                      07/02/2018  10:58:20  PAGE 2



  -------         MODULE        ?C_STARTUP
  C:0864H         SEGMENT       ?C_C51STARTUP
  I:0008H         SEGMENT       ?STACK
  C:0000H         PUBLIC        ?C_STARTUP
  D:00E0H         SYMBOL        ACC
  D:00F0H         SYMBOL        B
  D:0083H         SYMBOL        DPH
  D:0082H         SYMBOL        DPL
  N:0000H         SYMBOL        IBPSTACK
  N:0100H         SYMBOL        IBPSTACKTOP
  N:0080H         SYMBOL        IDATALEN
  C:0867H         SYMBOL        IDATALOOP
  N:0000H         SYMBOL        PBPSTACK
  N:0100H         SYMBOL        PBPSTACKTOP
  N:0000H         SYMBOL        PDATALEN
  N:0000H         SYMBOL        PDATASTART
  N:0000H         SYMBOL        PPAGE
  N:0000H         SYMBOL        PPAGEENABLE
  D:00A0H         SYMBOL        PPAGE_SFR
  D:0081H         SYMBOL        SP
  C:0864H         SYMBOL        STARTUP1
  N:0000H         SYMBOL        XBPSTACK
  N:0000H         SYMBOL        XBPSTACKTOP
  N:0000H         SYMBOL        XDATALEN
  N:0000H         SYMBOL        XDATASTART
  C:0000H         LINE#         126
  C:0864H         LINE#         133
  C:0866H         LINE#         134
  C:0867H         LINE#         135
  C:0868H         LINE#         136
  C:086AH         LINE#         185
  C:086DH         LINE#         196
  -------         ENDMOD        ?C_STARTUP

  -------         MODULE        KEYPAD_LCD
  C:0000H         SYMBOL        _ICE_DUMMY_
  D:0090H         PUBLIC        P1
  D:00A0H         PUBLIC        P2
  D:00B0H         PUBLIC        P3
  C:083EH         PUBLIC        _delay
  B:00A0H.4       PUBLIC        c0
  B:00A0H.5       PUBLIC        c1
  B:00A0H.0       PUBLIC        r0
  B:00A0H.1       PUBLIC        r1
  B:00A0H.2       PUBLIC        r2
  B:00A0H.3       PUBLIC        r3
  C:0800H         PUBLIC        main
  C:087AH         PUBLIC        _lcd_data
  C:0870H         PUBLIC        _lcd_cmd
  B:0090H.2       PUBLIC        e
  B:0090H.0       PUBLIC        rs
  B:0090H.1       PUBLIC        rw
  -------         PROC          MAIN
  C:0800H         LINE#         18
  C:0800H         LINE#         19
  C:0800H         LINE#         20
BL51 BANKED LINKER/LOCATER V6.22                                                      07/02/2018  10:58:20  PAGE 3


  C:0805H         LINE#         21
  C:080AH         LINE#         22
  C:080FH         LINE#         23
  C:0814H         LINE#         26
  C:0814H         LINE#         27
  C:0814H         LINE#         28
  C:0816H         LINE#         29
  C:081CH         LINE#         31
  C:081FH         LINE#         32
  C:081FH         LINE#         33
  C:0824H         LINE#         34
  C:0824H         LINE#         36
  C:0826H         LINE#         37
  C:082CH         LINE#         38
  C:082FH         LINE#         39
  C:082FH         LINE#         40
  C:0834H         LINE#         41
  C:0834H         LINE#         43
  -------         ENDPROC       MAIN
  -------         PROC          _LCD_CMD
  D:0007H         SYMBOL        x
  C:0870H         LINE#         45
  C:0870H         LINE#         46
  C:0870H         LINE#         47
  C:0872H         LINE#         48
  C:0874H         LINE#         49
  C:0874H         LINE#         50
  C:0874H         LINE#         51
  C:0877H         LINE#         52
  C:0879H         LINE#         53
  -------         ENDPROC       _LCD_CMD
  -------         PROC          _LCD_DATA
  D:0007H         SYMBOL        x
  C:087AH         LINE#         54
  C:087AH         LINE#         55
  C:087AH         LINE#         56
  C:087CH         LINE#         57
  C:087EH         LINE#         58
  C:087EH         LINE#         59
  C:087EH         LINE#         60
  C:0881H         LINE#         61
  C:0883H         LINE#         62
  -------         ENDPROC       _LCD_DATA
  -------         PROC          L?0017
  -------         ENDPROC       L?0017
  -------         PROC          _DELAY
  D:0006H         SYMBOL        t
  -------         DO            
  D:0004H         SYMBOL        i
  D:0002H         SYMBOL        j
  -------         ENDDO         
  C:083EH         LINE#         63
  C:083EH         LINE#         64
  C:083EH         LINE#         66
  C:084EH         LINE#         67
  C:0863H         LINE#         69
  -------         ENDPROC       _DELAY
BL51 BANKED LINKER/LOCATER V6.22                                                      07/02/2018  10:58:20  PAGE 4


  -------         ENDMOD        KEYPAD_LCD

******************************************************************************
* RESTRICTED VERSION WITH 0800H BYTE CODE SIZE LIMIT; USED: 0087H BYTE ( 6%) *
******************************************************************************

Program Size: data=9.0 xdata=0 code=135
LINK/LOCATE RUN COMPLETE.  0 WARNING(S),  0 ERROR(S)
